register tokenizers/tinysegmenter
[[0,0.0,0.0],true]
tokenize TokenTinySegmenter "今日は雨です。"
[
  [
    0,
    0.0,
    0.0
  ],
  [
    {
      "value": "今日",
      "position": 0
    },
    {
      "value": "は",
      "position": 1
    },
    {
      "value": "雨",
      "position": 2
    },
    {
      "value": "です",
      "position": 3
    },
    {
      "value": "。",
      "position": 4
    }
  ]
]
